// Jest Snapshot v1, https://goo.gl/fbAQLP

exports[`Footer Snapshot 1`] = `
<View
  style={
    Object {
      "paddingVertical": 20,
    }
  }
>
  <ActivityIndicator
    animating={true}
    color="#999999"
    hidesWhenStopped={true}
    size="large"
  />
</View>
`;
