// Jest Snapshot v1, https://goo.gl/fbAQLP

exports[`<MovieCard /> MovieCard Snapshot 1`] = `
<View
  accessible={true}
  focusable={true}
  onClick={[Function]}
  onResponderGrant={[Function]}
  onResponderMove={[Function]}
  onResponderRelease={[Function]}
  onResponderTerminate={[Function]}
  onResponderTerminationRequest={[Function]}
  onStartShouldSetResponder={[Function]}
  style={
    Object {
      "flexBasis": 0,
      "flexGrow": 1,
      "margin": 15,
      "marginBottom": 15,
      "opacity": 1,
      "width": "45%",
    }
  }
  testID="touch"
>
  <View
    style={
      Object {
        "borderRadius": 15,
        "height": 250,
        "marginBottom": 5,
        "overflow": "hidden",
        "width": "100%",
      }
    }
  >
    <Image
      source={
        Object {
          "uri": undefined,
        }
      }
      style={
        Object {
          "alignSelf": "flex-start",
          "flex": 1,
          "resizeMode": "stretch",
          "width": "100%",
        }
      }
    />
  </View>
  <Text
    style={
      Object {
        "color": "#fff",
        "fontSize": 20,
        "fontWeight": "bold",
        "textAlign": "center",
      }
    }
  />
</View>
`;
